2026-04-13 06:38:54 [INFO] 📊 [지표3] 기술적 점수 계산 중...
2026-04-13 06:38:54 [INFO]   ✅ 기술적 점수: 1개 종목 완료
2026-04-13 06:39:22 [INFO] 📊 [지표3] 기술적 점수 계산 중...
2026-04-13 06:39:22 [INFO]   ✅ 기술적 점수: 1개 종목 완료
2026-04-13 06:39:22 [INFO] 📐 [지표1] 저평가 점수 계산 중...
2026-04-13 06:39:23 [INFO]   ✅ 저평가 점수: 5개 종목
2026-04-13 06:39:23 [INFO] 🏆 종합 점수 합산 → 상위 3개 종목 선정 중...
2026-04-13 06:39:23 [INFO] ✅ 상위 3개 종목 선정 완료!
2026-04-13 08:05:33 [INFO] ✅ 최근 거래일: 20260413
2026-04-13 08:05:33 [INFO] 기준일=20260413 | OHLCV시작=20260105
2026-04-13 08:05:33 [INFO] 📋 종목 리스트 수집 (FDR, 시장: KOSPI)
2026-04-13 08:05:35 [INFO] ✅ 종목 리스트: 840개 종목
2026-04-13 08:05:35 [INFO] 📊 [PER/ROE] 네이버 금융 수집 시작...
2026-04-13 08:05:37 [INFO]   [KOSPI] 49p → 49p 수집
2026-04-13 08:05:43 [INFO]     └─ KOSPI 10/49p (누적 500종목)
2026-04-13 08:05:50 [INFO]     └─ KOSPI 20/49p (누적 1000종목)
2026-04-13 08:05:57 [INFO]     └─ KOSPI 30/49p (누적 1500종목)
2026-04-13 08:06:04 [INFO]     └─ KOSPI 40/49p (누적 2000종목)
2026-04-13 08:06:10 [INFO]   ✅ KOSPI 완료: 누적 2431종목
2026-04-13 08:06:11 [INFO]   [KOSDAQ] 37p → 37p 수집
2026-04-13 08:06:17 [INFO]     └─ KOSDAQ 10/37p (누적 2931종목)
2026-04-13 08:06:24 [INFO]     └─ KOSDAQ 20/37p (누적 3431종목)
2026-04-13 08:06:31 [INFO]     └─ KOSDAQ 30/37p (누적 3931종목)
2026-04-13 08:06:36 [INFO]   ✅ KOSDAQ 완료: 누적 4254종목
2026-04-13 08:06:36 [INFO] ✅ PER/ROE 완료: 4254개 | PER유효=2764
2026-04-13 08:06:36 [INFO] 📈 OHLCV 수집: 50개 (20260105~20260413)
2026-04-13 08:07:06 [INFO]   ↳ OHLCV 50/50 (성공: 50개)
2026-04-13 08:07:06 [INFO] ✅ OHLCV 완료: 50/50
2026-04-13 08:07:06 [INFO] 📐 [지표1] 저평가 점수 계산 중...
2026-04-13 08:07:06 [INFO]   PER유효=1648 | PBR소스=ROE(대체)(1641)
2026-04-13 08:07:06 [INFO]   ✅ 저평가 완료: 유효=4254 | 평균=20.02 | 최고=39.96
2026-04-13 08:07:06 [INFO] 📊 [지표3] 기술적 점수 계산 중...
2026-04-13 08:07:06 [INFO]   ✅ 기술 완료: 50개 | 거래량급증=3 | MA정배열=21 | 만점=2
2026-04-13 08:07:06 [INFO] 🏆 종합 합산 → 상위 10개 선정 중...
2026-04-13 08:07:06 [INFO] ✅ 상위 10개 선정 완료!
2026-04-13 08:07:06 [INFO]   1위: SK스퀘어 (총점=44.04, 저평가=34.04, 수급=0.00, 기술=10.00)
2026-04-13 08:07:06 [INFO] 💾 CSV 저장: krx_quant_output/top10_20260413.csv
2026-04-13 08:07:06 [INFO] 💾 JSON 저장: krx_quant_output/top10_20260413.json
2026-04-13 08:07:06 [INFO] 💾 리포트 저장: krx_quant_output/report_20260413.txt
2026-04-13 08:07:29 [INFO] ✅ 최근 거래일: 20260413
2026-04-13 08:07:29 [INFO] 📋 종목 리스트 수집 (FDR, 시장: KOSPI)
2026-04-13 08:07:30 [INFO] ✅ 종목 리스트: 840개 종목
2026-04-13 08:07:33 [INFO] 📐 [PBR] 개별 종목 페이지 PBR 수집 (30종목)...
2026-04-13 08:07:55 [INFO] ✅ PBR 수집 완료: 30/30
2026-04-13 08:07:55 [INFO] 💹 [수급] 네이버 frgn 페이지 수집 (30종목, 5일)...
2026-04-13 08:08:17 [INFO] ✅ 수급 완료: 기관=30, 외국인=30
2026-04-13 08:08:17 [INFO] 📈 OHLCV 수집: 30개 (20260105~20260413)
2026-04-13 08:08:34 [INFO] ✅ OHLCV 완료: 30/30
2026-04-13 08:08:34 [INFO] 📐 [지표1] 저평가 점수 계산 중...
2026-04-13 08:08:34 [INFO]   PER유효=79 | PBR소스=PBR(29)
2026-04-13 08:08:34 [INFO]   ✅ 저평가 완료: 유효=81 | 평균=13.09 | 최고=38.37
2026-04-13 08:08:34 [INFO] 💹 [지표2] 수급 점수 계산 중...
2026-04-13 08:08:34 [INFO]   기관유효=30 | 외국인유효=30
2026-04-13 08:08:34 [INFO]   ✅ 수급 완료: 유효=30 | 평균=20.67 | 최고=39.33
2026-04-13 08:08:34 [INFO] 📊 [지표3] 기술적 점수 계산 중...
2026-04-13 08:08:34 [INFO]   ✅ 기술 완료: 30개 | 거래량급증=1 | MA정배열=13 | 만점=0
2026-04-13 08:08:34 [INFO] 🏆 종합 합산 → 상위 10개 선정 중...
2026-04-13 08:08:34 [INFO] ✅ 상위 10개 선정 완료!
2026-04-13 08:08:34 [INFO]   1위: KB금융 (총점=68.25, 저평가=29.58, 수급=28.67, 기술=10.00)
